#-----------------------------------------------------------
# Vivado v2024.2 (64-bit)
# SW Build 5239630 on Fri Nov 08 22:35:27 MST 2024
# IP Build 5239520 on Sun Nov 10 16:12:51 MST 2024
# SharedData Build 5239561 on Fri Nov 08 14:39:27 MST 2024
# Start of session at: Wed Apr 30 12:39:42 2025
# Process ID         : 13304
# Current directory  : C:/Users/karan/project_5/project_5.runs/impl_1
# Command line       : vivado.exe -log ALU_1.vdi -applog -product Vivado -messageDb vivado.pb -mode batch -source ALU_1.tcl -notrace
# Log file           : C:/Users/karan/project_5/project_5.runs/impl_1/ALU_1.vdi
# Journal file       : C:/Users/karan/project_5/project_5.runs/impl_1\vivado.jou
# Running On         : LAPTOP-Q99NL9L5
# Platform           : Windows Server 2016 or Windows 10
# Operating System   : 22631
# Processor Detail   : 13th Gen Intel(R) Core(TM) i5-13420H
# CPU Frequency      : 2611 MHz
# CPU Physical cores : 8
# CPU Logical cores  : 12
# Host memory        : 16802 MB
# Swap memory        : 2550 MB
# Total Virtual      : 19353 MB
# Available Virtual  : 8352 MB
#-----------------------------------------------------------
source ALU_1.tcl -notrace
